<html>
<body>
<pre>
<h1>礦ision Build Log</h1>
<h2>Tool Versions:</h2>
IDE-Version: μVision V5.14.0.0
Copyright (C) 2015 ARM Ltd and ARM Germany GmbH. All rights reserved.
License Information: gsdg DELL, r'h'sh, LIC=ATTJJ-U3738-R9LG6-DQXD5-SB4KA-HQEDD
 
Tool Versions:
Toolchain:       MDK-ARM Standard  Version: 5.14.0.0
Toolchain Path:  C:\Keil_v5\ARM\ARMCC\Bin
C Compiler:      Armcc.exe V5.05 update 1 (build 106)
Assembler:       Armasm.exe V5.05 update 1 (build 106)
Linker/Locator:  ArmLink.exe V5.05 update 1 (build 106)
Library Manager: ArmAr.exe V5.05 update 1 (build 106)
Hex Converter:   FromElf.exe V5.05 update 1 (build 106)
CPU DLL:         SARMCM3.DLL V5.14.0.0
Dialog DLL:      DCM.DLL V1.13.1.0
Target DLL:      Segger\JL2CM3.dll V2.99.13.0
Dialog DLL:      TCM.DLL V1.14.4.0
 
<h2>Project:</h2>
D:\国创\control1.6.5.6\MDK-ARM\control.uvprojx
Project File Date:  01/18/2021

<h2>Output:</h2>
Build target 'control'
assembling startup_stm32f407xx.s...
compiling main.c...
../Src/main.c(88): warning:  #177-D: variable "AD2_Value" was declared but never referenced
                uint32_t AD_Value,AD2_Value,i;
../Src/main.c(88): warning:  #177-D: variable "i" was declared but never referenced
                uint32_t AD_Value,AD2_Value,i;
../Src/main.c(89): warning:  #177-D: variable "d1" was declared but never referenced
                float t1,d1;
../Src/main.c(164): warning:  #188-D: enumerated type mixed with another type
          HAL_GPIO_WritePin(GPIOE, GPIO_PIN_2, led);//灯闪烁
../Src/main.c(172): warning:  #223-D: function "abs" declared implicitly
                            if(u2i[3]>100) foward(abs(u2i[3]-100));
../Src/main.c(173): warning:  #223-D: function "abs" declared implicitly
                            else if(u2i[3]<100) back(abs(u2i[3]-100));
../Src/main.c(177): warning:  #223-D: function "abs" declared implicitly
                            if(u2i[4]>100) right(abs(u2i[4]-100));
../Src/main.c(178): warning:  #223-D: function "abs" declared implicitly
                            else if(u2i[4]<100) left(abs(u2i[4]-100));
../Src/main.c(180): warning:  #223-D: function "abs" declared implicitly
                            if(u2i[8]>100) up(abs(u2i[8]-100));
../Src/main.c(181): warning:  #223-D: function "abs" declared implicitly
                            else if(u2i[8]<100) down(abs(u2i[8]-100));
../Src/main.c(168): warning:  #177-D: variable "b4" was declared but never referenced
                                        int16_t b1,b2,b3,b4;
../Src/main.c(169): warning:  #177-D: variable "a4" was declared but never referenced
                                  int16_t a1,a2,a3,a4;
../Src/main.c(543): warning:  #177-D: function "MX_CAN1_Init" was declared but never referenced
  static void MX_CAN1_Init(void)
../Src/main.c(579): warning:  #177-D: function "MX_SPI1_Init" was declared but never referenced
  static void MX_SPI1_Init(void)
../Src/main.c(603): warning:  #177-D: function "MX_TIM1_Init" was declared but never referenced
  static void MX_TIM1_Init(void)
../Src/main.c(711): warning:  #177-D: function "MX_TIM4_Init" was declared but never referenced
  static void MX_TIM4_Init(void)
../Src/main.c(508): warning:  #177-D: function "MX_ADC2_Init" was declared but never referenced
  static void MX_ADC2_Init(void)
../Src/main.c: 17 warnings, 0 errors
compiling stm32f4xx_it.c...
compiling stm32f4xx_hal_msp.c...
compiling motor.c...
..\Src\motor.c(98): warning:  #550-D: variable "mp4" was set but never used
        int32_t mp1,mp2,mp3,mp4,mp5,mp6,mp7,mp8;
..\Src\motor.c(98): warning:  #550-D: variable "mp5" was set but never used
        int32_t mp1,mp2,mp3,mp4,mp5,mp6,mp7,mp8;
..\Src\motor.c(98): warning:  #550-D: variable "mp6" was set but never used
        int32_t mp1,mp2,mp3,mp4,mp5,mp6,mp7,mp8;
..\Src\motor.c(747): warning:  #177-D: variable "d3" was declared but never referenced
        uint16_t d3,d4,d5,d6;
..\Src\motor.c(747): warning:  #177-D: variable "d4" was declared but never referenced
        uint16_t d3,d4,d5,d6;
..\Src\motor.c(747): warning:  #177-D: variable "d5" was declared but never referenced
        uint16_t d3,d4,d5,d6;
..\Src\motor.c(747): warning:  #177-D: variable "d6" was declared but never referenced
        uint16_t d3,d4,d5,d6;
..\Src\motor.c(748): warning:  #550-D: variable "k1" was set but never used
        float k1;
..\Src\motor.c(772): warning:  #177-D: variable "d3" was declared but never referenced
        uint16_t d3,d4,d5,d6;
..\Src\motor.c(772): warning:  #177-D: variable "d4" was declared but never referenced
        uint16_t d3,d4,d5,d6;
..\Src\motor.c(772): warning:  #177-D: variable "d5" was declared but never referenced
        uint16_t d3,d4,d5,d6;
..\Src\motor.c(772): warning:  #177-D: variable "d6" was declared but never referenced
        uint16_t d3,d4,d5,d6;
..\Src\motor.c(773): warning:  #550-D: variable "k1" was set but never used
        float k1;
..\Src\motor.c: 13 warnings, 0 errors
compiling iic.c...
iic.c(19): warning:  #177-D: variable "i" was declared but never referenced
        uint32_t i;
iic.c(95): warning:  #188-D: enumerated type mixed with another type
          HAL_GPIO_WritePin(GPIOB, GPIO_PIN_7, ((txd&0x80)>>7));//IIC_SDA=(txd&0x80)>>7;
iic.c: 2 warnings, 0 errors
compiling ms5805.c...
ms5805.c(199): warning:  #1035-D: single-precision operand implicitly converted to double-precision
                                deep=deep*0.2+deep_last*0.8;//初始化后deep_last一定是0
ms5805.c(201): warning:  #1035-D: single-precision operand implicitly converted to double-precision
                                deep=(float)(((float)depth-depth_base)/0.98);//
ms5805.c: 2 warnings, 0 errors
compiling flash.c...
flash.c(63): warning:  #177-D: function "GetSectorSize" was declared but never referenced
  static uint32_t GetSectorSize(uint32_t Sector)//获取扇区大小
flash.c: 1 warning, 0 errors
compiling stm32f4xx_hal_adc.c...
compiling stm32f4xx_hal_adc_ex.c...
compiling stm32f4xx_hal_can.c...
compiling stm32f4xx_hal_iwdg.c...
compiling stm32f4xx_hal_spi.c...
compiling stm32f4xx_hal_tim.c...
compiling stm32f4xx_hal_tim_ex.c...
compiling stm32f4xx_hal_uart.c...
compiling stm32f4xx_hal_rcc.c...
compiling stm32f4xx_hal_rcc_ex.c...
compiling stm32f4xx_hal_flash.c...
compiling stm32f4xx_hal_flash_ex.c...
compiling stm32f4xx_hal_flash_ramfunc.c...
compiling stm32f4xx_hal_gpio.c...
compiling stm32f4xx_hal_dma_ex.c...
compiling stm32f4xx_hal_dma.c...
compiling stm32f4xx_hal_pwr.c...
compiling stm32f4xx_hal_pwr_ex.c...
compiling stm32f4xx_hal_cortex.c...
compiling stm32f4xx_hal.c...
compiling stm32f4xx_hal_exti.c...
compiling system_stm32f4xx.c...
linking...
Program Size: Code=14100 RO-data=448 RW-data=196 ZI-data=1732  
FromELF: creating hex file...
"control\control.axf" - 0 Error(s), 35 Warning(s).

<h2>Software Packages used:</h2>

Package Vendor: ARM
                http://www.keil.com/pack/ARM.CMSIS.4.2.0.pack
                ARM::CMSIS:CORE:3.40.0
                CMSIS (Cortex Microcontroller Software Interface Standard)
   * Component: CORE Version: 3.40.0

<h2>Collection of Component include folders:</h2>
  D:\国创\control1.6.5.6\MDK-ARM\RTE
  C:\Keil_v5\ARM\PACK\ARM\CMSIS\4.2.0\CMSIS\Include
  C:\Keil_v5\ARM\PACK\Keil\STM32F4xx_DFP\2.3.1\Drivers\CMSIS\Device\ST\STM32F4xx\Include

<h2>Collection of Component Files used:</h2>

   * Component: ARM::CMSIS:CORE:3.40.0
      Source file:   CMSIS\UserCodeTemplates\ARM\ITM_Retarget.c
</pre>
</body>
</html>
