<html>
<body>
<pre>
<h1>礦ision Build Log</h1>
<h2>Tool Versions:</h2>
IDE-Version: μVision V5.14.0.0
Copyright (C) 2015 ARM Ltd and ARM Germany GmbH. All rights reserved.
License Information: gsdg DELL, r'h'sh, LIC=ATTJJ-U3738-R9LG6-DQXD5-SB4KA-HQEDD
 
Tool Versions:
Toolchain:       MDK-ARM Standard  Version: 5.14.0.0
Toolchain Path:  C:\Keil_v5\ARM\ARMCC\Bin
C Compiler:      Armcc.exe V5.05 update 1 (build 106)
Assembler:       Armasm.exe V5.05 update 1 (build 106)
Linker/Locator:  ArmLink.exe V5.05 update 1 (build 106)
Library Manager: ArmAr.exe V5.05 update 1 (build 106)
Hex Converter:   FromElf.exe V5.05 update 1 (build 106)
CPU DLL:         SARMCM3.DLL V5.14.0.0
Dialog DLL:      DCM.DLL V1.13.1.0
Target DLL:      Segger\JL2CM3.dll V2.99.13.0
Dialog DLL:      TCM.DLL V1.14.4.0
 
<h2>Project:</h2>
D:\国创\motor1.1\MDK-ARM\motor.uvprojx
Project File Date:  01/13/2021

<h2>Output:</h2>
Build target 'motor'
compiling main.c...
../Src/main.c(124): warning:  #188-D: enumerated type mixed with another type
          HAL_GPIO_WritePin(GPIOA, GPIO_PIN_8, led);
../Src/main.c(91): warning:  #177-D: variable "i" was declared but never referenced
        uint8_t i,f;
../Src/main.c(91): warning:  #177-D: variable "f" was declared but never referenced
        uint8_t i,f;
../Src/main.c: 3 warnings, 0 errors
linking...
Program Size: Code=7360 RO-data=360 RW-data=20 ZI-data=1516  
FromELF: creating hex file...
"motor\motor.axf" - 0 Error(s), 3 Warning(s).

<h2>Software Packages used:</h2>

Package Vendor: ARM
                http://www.keil.com/pack/ARM.CMSIS.4.2.0.pack
                ARM::CMSIS:CORE:3.40.0
                CMSIS (Cortex Microcontroller Software Interface Standard)
   * Component: CORE Version: 3.40.0

<h2>Collection of Component include folders:</h2>
  D:\国创\motor1.1\MDK-ARM\RTE
  C:\Keil_v5\ARM\PACK\ARM\CMSIS\4.2.0\CMSIS\Include
  C:\Keil_v5\ARM\PACK\Keil\STM32F1xx_DFP\1.0.5\Device\Include

<h2>Collection of Component Files used:</h2>

   * Component: ARM::CMSIS:CORE:3.40.0
      Source file:   CMSIS\UserCodeTemplates\ARM\ITM_Retarget.c
</pre>
</body>
</html>
